C:\Users\AJAY\AppData\Local\Programs\Python\Python313\Lib\site-packages\fyers_apiv3\FyersWebsocket\data_ws.py:7: UserWarning: pkg_resources is deprecated as an API. See https://setuptools.pypa.io/en/latest/pkg_resources.html. The pkg_resources package is slated for removal as early as 2025-11-30. Refrain from using this package or pin to Setuptools<81.
  from pkg_resources import resource_filename
total cached: 455
SAMPLE OPTION TICK: NSE:NIFTY2690824500CE
{
  "ltp": 3.25,
  "vol_traded_today": 2038205,
  "last_traded_time": 1788595705,
  "exch_feed_time": 1788603960,
  "bid_size": 124280,
  "ask_size": 76505,
  "bid_price": 3.2,
  "ask_price": 3.25,
  "last_traded_qty": 65,
  "tot_buy_qty": 476905,
  "tot_sell_qty": 799305,
  "avg_trade_price": 13.42,
  "low_price": 2.25,
  "high_price": 219.0,
  "lower_ckt": 0,
  "upper_ckt": 0,
  "open_price": 169.2,
  "prev_close_price": 2.75,
  "type": "sf",
  "symbol": "NSE:NIFTY2690824500CE",
  "ch": 0.5,
  "chp": 18.1818
}
NIFTY INDEX TICK: {
  "ltp": 24417.6,
  "prev_close_price": 23873.4,
  "ch": 544.2,
  "chp": 2.28,
  "exch_feed_time": 1788603819,
  "high_price": 24417.6,
  "low_price": 24417.6,
  "open_price": 24417.6,
  "type": "if",
  "symbol": "NSE:NIFTY50-INDEX"
}
option websocket error: Connection to remote host was lost.
Attempting reconnect 1 of 5...
option websocket error: Connection to remote host was lost.
Attempting reconnect 1 of 5...
option websocket error: Connection to remote host was lost.
Attempting reconnect 1 of 5...
