2026-09-26 10:13:09  ==== history download: 2021-09-26 -> 2026-09-26 (ATM ±10 strikes, 1-min) ====
2026-09-26 10:13:09  spot 2021-09-16 -> 2021-12-14: 22602 candles (ok)
2026-09-26 10:13:10  spot 2021-12-15 -> 2022-03-14: 23243 candles (ok)
2026-09-26 10:13:10  spot 2022-03-15 -> 2022-06-12: 22500 candles (ok)
2026-09-26 10:13:11  spot 2022-06-13 -> 2022-09-10: 23250 candles (ok)
2026-09-26 10:13:11  spot 2022-09-11 -> 2022-12-09: 22935 candles (ok)
2026-09-26 10:13:12  spot 2022-12-10 -> 2023-03-09: 23250 candles (ok)
2026-09-26 10:13:12  spot 2023-03-10 -> 2023-06-07: 22125 candles (ok)
2026-09-26 10:13:13  spot 2023-06-08 -> 2023-09-05: 23250 candles (ok)
2026-09-26 10:13:13  spot 2023-09-06 -> 2023-12-04: 22185 candles (ok)
2026-09-26 10:13:14  spot 2023-12-05 -> 2024-03-03: 23355 candles (ok)
2026-09-26 10:13:14  spot 2024-03-04 -> 2024-06-01: 21855 candles (ok)
2026-09-26 10:13:15  spot 2024-06-02 -> 2024-08-30: 23250 candles (ok)
2026-09-26 10:13:15  spot 2024-08-31 -> 2024-11-28: 22560 candles (ok)
2026-09-26 10:13:16  spot 2024-11-29 -> 2025-02-26: 23625 candles (ok)
2026-09-26 10:13:16  spot 2025-02-27 -> 2025-05-27: 21750 candles (ok)
2026-09-26 10:13:17  spot 2025-05-28 -> 2025-08-25: 23625 candles (ok)
2026-09-26 10:13:17  spot 2025-08-26 -> 2025-11-23: 22186 candles (ok)
2026-09-26 10:13:18  spot 2025-11-24 -> 2026-02-21: 23625 candles (ok)
2026-09-26 10:13:19  spot 2026-02-22 -> 2026-05-22: 22125 candles (ok)
2026-09-26 10:13:19  spot 2026-05-23 -> 2026-08-20: 23250 candles (ok)
2026-09-26 10:13:19  spot 2026-08-21 -> 2026-09-26: 9392 candles (ok)
2026-09-26 10:13:20  spot on disk: 465,938 candles
2026-09-26 10:13:21  211 expired option expiries in range
2026-09-26 10:13:21  1 expiries to fetch (210 already done)
2026-09-26 10:13:39  [1/1] 2025-09-23: 58 contracts (24550-25950), 316,881 rows, 19s
2026-09-26 10:13:39  ==== finished: 1 expiries on disk, options data 0.00 GB ====
2026-09-26 10:14:08  ==== history download: 2021-09-26 -> 2026-09-26 (ATM ±10 strikes, 1-min) ====
2026-09-26 10:14:08  spot 2026-09-26 -> 2026-09-26: 0 candles (no_data)
2026-09-26 10:14:08  spot on disk: 465,938 candles
2026-09-26 10:14:09  263 expired option expiries in range
2026-09-26 10:14:09  262 expiries to fetch (1 already done)
2026-09-26 10:14:42  [1/262] 2026-09-22: 62 contracts (22600-24100), 326,917 rows, 33s
2026-09-26 10:15:16  [2/262] 2026-09-15: 68 contracts (22600-24250), 346,106 rows, 34s
2026-09-26 10:15:49  [3/262] 2026-09-08: 64 contracts (23100-24650), 401,452 rows, 33s
2026-09-26 10:16:19  [4/262] 2026-09-01: 60 contracts (23450-24900), 450,467 rows, 30s
2026-09-26 10:16:57  [5/262] 2026-08-25: 54 contracts (23550-24850), 1,077,162 rows, 38s
2026-09-26 10:17:20  [6/262] 2026-08-18: 60 contracts (23650-25100), 426,894 rows, 23s
2026-09-26 10:17:40  [7/262] 2026-08-11: 52 contracts (23950-25200), 340,396 rows, 20s
2026-09-26 10:18:10  [8/262] 2026-08-04: 74 contracts (23450-25250), 504,740 rows, 30s
2026-09-26 10:18:52  [9/262] 2026-07-28: 68 contracts (23100-24750), 1,344,026 rows, 42s
2026-09-26 10:19:15  [10/262] 2026-07-21: 56 contracts (23500-24850), 368,163 rows, 23s
2026-09-26 10:19:46  [11/262] 2026-07-14: 72 contracts (23300-25050), 462,258 rows, 31s
2026-09-26 10:20:14  [12/262] 2026-07-07: 70 contracts (23350-25050), 414,854 rows, 28s
2026-09-26 10:20:50  [13/262] 2026-06-30: 60 contracts (23300-24750), 1,218,249 rows, 36s
2026-09-26 10:21:09  [14/262] 2026-06-23: 58 contracts (23300-24700), 412,337 rows, 19s
2026-09-26 10:21:35  [15/262] 2026-06-16: 80 contracts (22550-24500), 540,841 rows, 26s
2026-09-26 10:21:59  [16/262] 2026-06-09: 62 contracts (22550-24050), 420,035 rows, 24s
2026-09-26 10:22:24  [17/262] 2026-06-02: 76 contracts (22750-24600), 558,877 rows, 25s
2026-09-26 10:23:24  [18/262] 2026-05-26: 70 contracts (22900-24600), 1,237,965 rows, 60s
2026-09-26 10:23:45  [19/262] 2026-05-19: 66 contracts (22750-24350), 409,378 rows, 21s
2026-09-26 10:24:12  [20/262] 2026-05-12: 88 contracts (22850-25000), 517,814 rows, 27s
2026-09-26 10:24:37  [21/262] 2026-05-05: 64 contracts (23300-24850), 400,224 rows, 25s
2026-09-26 10:25:34  [22/262] 2026-04-28: 74 contracts (23300-25100), 1,247,279 rows, 57s
2026-09-26 10:26:02  [23/262] 2026-04-21: 84 contracts (23050-25100), 385,971 rows, 27s
2026-09-26 10:26:44  [24/262] 2026-04-13: 96 contracts (22200-24550), 454,702 rows, 43s
2026-09-26 10:27:31  [25/262] 2026-04-07: 80 contracts (21700-23650), 342,584 rows, 46s
2026-09-26 10:29:10  [26/262] 2026-03-30: 88 contracts (21800-23950), 707,859 rows, 100s
2026-09-26 10:30:12  [27/262] 2026-03-24: 98 contracts (21950-24350), 426,108 rows, 62s
2026-09-26 10:30:51  [28/262] 2026-03-17: 96 contracts (22450-24800), 380,867 rows, 38s
2026-09-26 10:31:18  [29/262] 2026-03-10: 94 contracts (23200-25500), 416,138 rows, 28s
2026-09-26 10:31:51  [30/262] 2026-03-02: 84 contracts (24100-26150), 631,681 rows, 32s
2026-09-26 10:32:19  [31/262] 2026-02-24: 64 contracts (24850-26400), 848,456 rows, 28s
2026-09-26 10:32:43  [32/262] 2026-02-17: 68 contracts (24850-26500), 483,542 rows, 24s
2026-09-26 10:33:10  [33/262] 2026-02-10: 76 contracts (25000-26850), 529,163 rows, 27s
2026-09-26 10:33:48  [34/262] 2026-02-03: 114 contracts (24050-26850), 777,470 rows, 38s
2026-09-26 10:34:19  [35/262] 2026-01-27: 70 contracts (24400-26100), 1,177,793 rows, 31s
2026-09-26 10:34:42  [36/262] 2026-01-20: 72 contracts (24650-26400), 387,069 rows, 23s
2026-09-26 10:35:06  [37/262] 2026-01-13: 74 contracts (24950-26750), 434,712 rows, 24s
2026-09-26 10:35:29  [38/262] 2026-01-06: 60 contracts (25400-26850), 403,708 rows, 23s
2026-09-26 10:36:01  [39/262] 2025-12-30: 56 contracts (25400-26750), 1,112,350 rows, 32s
2026-09-26 10:36:24  [40/262] 2025-12-23: 62 contracts (25250-26750), 463,265 rows, 23s
2026-09-26 10:36:44  [41/262] 2025-12-16: 56 contracts (25200-26550), 419,731 rows, 21s
2026-09-26 10:37:06  [42/262] 2025-12-09: 60 contracts (25250-26700), 438,834 rows, 22s
2026-09-26 10:37:30  [43/262] 2025-12-02: 62 contracts (25350-26850), 531,959 rows, 23s
2026-09-26 10:37:57  [44/262] 2025-11-25: 58 contracts (25350-26750), 831,964 rows, 28s
2026-09-26 10:38:20  [45/262] 2025-11-18: 66 contracts (24950-26550), 434,334 rows, 22s
2026-09-26 10:38:46  [46/262] 2025-11-11: 62 contracts (24800-26300), 388,427 rows, 26s
2026-09-26 10:39:11  [47/262] 2025-11-04: 62 contracts (25100-26600), 362,636 rows, 25s
2026-09-26 10:39:41  [48/262] 2025-10-28: 58 contracts (25200-26600), 797,688 rows, 30s
2026-09-26 10:40:12  [49/262] 2025-10-20: 78 contracts (24550-26450), 402,884 rows, 31s
2026-09-26 10:40:33  [50/262] 2025-10-14: 56 contracts (24500-25850), 343,618 rows, 21s
2026-09-26 10:40:55  [51/262] 2025-10-07: 66 contracts (24100-25700), 394,856 rows, 21s
2026-09-26 10:41:39  [52/262] 2025-09-30: 68 contracts (24100-25750), 1,429,743 rows, 45s
2026-09-26 10:41:58  [53/262] 2025-09-16: 60 contracts (24300-25750), 346,848 rows, 19s
2026-09-26 10:42:21  [54/262] 2025-09-09: 62 contracts (24000-25500), 343,901 rows, 23s
2026-09-26 10:42:40  [55/262] 2025-09-02: 56 contracts (23900-25250), 320,509 rows, 19s
2026-09-26 10:43:11  [56/262] 2025-08-28: 68 contracts (24000-25650), 1,224,210 rows, 31s
2026-09-26 10:43:31  [57/262] 2025-08-21: 64 contracts (24100-25650), 396,542 rows, 20s
2026-09-26 10:43:49  [58/262] 2025-08-14: 56 contracts (23850-25200), 364,791 rows, 18s
2026-09-26 10:44:14  [59/262] 2025-08-07: 66 contracts (23850-25450), 436,050 rows, 25s
2026-09-26 10:44:47  [60/262] 2025-07-31: 68 contracts (24100-25750), 1,333,497 rows, 33s
2026-09-26 10:45:06  [61/262] 2025-07-24: 56 contracts (24400-25750), 442,700 rows, 20s
2026-09-26 10:45:27  [62/262] 2025-07-17: 62 contracts (24500-26000), 459,590 rows, 21s
2026-09-26 10:45:46  [63/262] 2025-07-10: 52 contracts (24850-26100), 357,335 rows, 18s
2026-09-26 10:46:08  [64/262] 2025-07-03: 58 contracts (24750-26150), 424,495 rows, 22s
2026-09-26 10:46:43  [65/262] 2025-06-26: 74 contracts (24250-26050), 1,200,322 rows, 35s
2026-09-26 10:47:06  [66/262] 2025-06-19: 72 contracts (23950-25700), 461,747 rows, 24s
2026-09-26 10:47:29  [67/262] 2025-06-12: 66 contracts (24100-25700), 441,112 rows, 22s
2026-09-26 10:47:50  [68/262] 2025-06-05: 58 contracts (24000-25400), 434,841 rows, 21s
2026-09-26 10:48:19  [69/262] 2025-05-29: 68 contracts (23950-25600), 946,491 rows, 29s
2026-09-26 10:48:41  [70/262] 2025-05-22: 68 contracts (23950-25600), 407,765 rows, 22s
2026-09-26 10:49:10  [71/262] 2025-05-15: 88 contracts (23450-25600), 496,622 rows, 30s
2026-09-26 10:49:32  [72/262] 2025-05-08: 60 contracts (23650-25100), 328,991 rows, 21s
2026-09-26 10:49:54  [73/262] 2025-04-30: 66 contracts (23350-24950), 447,565 rows, 22s
2026-09-26 10:50:29  [74/262] 2025-04-24: 84 contracts (22800-24850), 1,153,696 rows, 35s
2026-09-26 10:50:57  [75/262] 2025-04-17: 102 contracts (21850-24350), 424,587 rows, 28s
2026-09-26 10:51:38  [76/262] 2025-04-09: 104 contracts (21250-23800), 506,193 rows, 40s
2026-09-26 10:51:58  [77/262] 2025-04-03: 62 contracts (22650-24150), 381,402 rows, 20s
2026-09-26 10:52:36  [78/262] 2025-03-27: 78 contracts (22450-24350), 1,365,854 rows, 39s
2026-09-26 10:53:00  [79/262] 2025-03-20: 76 contracts (21850-23700), 424,003 rows, 23s
2026-09-26 10:53:19  [80/262] 2025-03-13: 60 contracts (21750-23200), 350,771 rows, 19s
2026-09-26 10:53:45  [81/262] 2025-03-06: 68 contracts (21450-23100), 350,325 rows, 27s
2026-09-26 10:54:09  [82/262] 2025-02-27: 58 contracts (22000-23400), 782,156 rows, 24s
2026-09-26 10:54:29  [83/262] 2025-02-20: 62 contracts (22250-23750), 337,832 rows, 19s
2026-09-26 10:54:54  [84/262] 2025-02-13: 80 contracts (22300-24250), 456,399 rows, 25s
2026-09-26 10:55:20  [85/262] 2025-02-06: 68 contracts (22650-24300), 464,689 rows, 26s
2026-09-26 10:55:49  [86/262] 2025-01-30: 64 contracts (22300-23850), 976,305 rows, 29s
2026-09-26 10:56:08  [87/262] 2025-01-23: 60 contracts (22500-23950), 345,697 rows, 19s
2026-09-26 10:56:29  [88/262] 2025-01-16: 68 contracts (22550-24200), 371,080 rows, 21s
2026-09-26 10:56:56  [89/262] 2025-01-09: 72 contracts (23000-24750), 397,928 rows, 27s
2026-09-26 10:57:20  [90/262] 2025-01-02: 74 contracts (22950-24750), 454,575 rows, 24s
2026-09-26 10:58:01  [91/262] 2024-12-26: 62 contracts (23050-24550), 945,357 rows, 41s
2026-09-26 10:58:32  [92/262] 2024-12-19: 80 contracts (23350-25300), 495,144 rows, 31s
2026-09-26 10:58:59  [93/262] 2024-12-12: 64 contracts (23800-25350), 388,912 rows, 27s
2026-09-26 10:59:26  [94/262] 2024-12-05: 82 contracts (23350-25350), 514,044 rows, 27s
2026-09-26 11:00:00  [95/262] 2024-11-28: 86 contracts (22750-24850), 1,087,981 rows, 34s
2026-09-26 11:00:20  [96/262] 2024-11-21: 64 contracts (22750-24300), 263,366 rows, 20s
2026-09-26 11:00:46  [97/262] 2024-11-14: 82 contracts (23000-25000), 450,984 rows, 27s
2026-09-26 11:01:14  [98/262] 2024-11-07: 72 contracts (23300-25050), 404,838 rows, 28s
2026-09-26 11:01:42  [99/262] 2024-10-31: 60 contracts (23550-25000), 1,001,285 rows, 28s
2026-09-26 11:02:05  [100/262] 2024-10-24: 70 contracts (23850-25550), 389,790 rows, 22s
2026-09-26 11:02:24  [101/262] 2024-10-17: 60 contracts (24250-25700), 338,056 rows, 19s
2026-09-26 11:02:53  [102/262] 2024-10-10: 80 contracts (24200-26150), 470,022 rows, 29s
2026-09-26 11:03:21  [103/262] 2024-10-03: 84 contracts (24750-26800), 528,283 rows, 28s
2026-09-26 11:03:53  [104/262] 2024-09-26: 76 contracts (24900-26750), 958,397 rows, 32s
2026-09-26 11:04:15  [105/262] 2024-09-19: 68 contracts (24450-26100), 415,803 rows, 22s
2026-09-26 11:04:38  [106/262] 2024-09-12: 70 contracts (24250-25950), 420,557 rows, 23s
2026-09-26 11:04:59  [107/262] 2024-09-05: 56 contracts (24500-25850), 315,641 rows, 20s
2026-09-26 11:05:27  [108/262] 2024-08-29: 60 contracts (24250-25700), 862,804 rows, 28s
2026-09-26 11:05:51  [109/262] 2024-08-22: 72 contracts (23600-25350), 441,593 rows, 24s
2026-09-26 11:06:10  [110/262] 2024-08-14: 56 contracts (23600-24950), 337,149 rows, 20s
2026-09-26 11:06:40  [111/262] 2024-08-08: 90 contracts (23400-25600), 522,930 rows, 30s
2026-09-26 11:07:07  [112/262] 2024-08-01: 78 contracts (23700-25600), 524,369 rows, 27s
2026-09-26 11:07:39  [113/262] 2024-07-25: 74 contracts (23550-25350), 929,169 rows, 32s
2026-09-26 11:08:01  [114/262] 2024-07-18: 68 contracts (23700-25350), 332,361 rows, 22s
2026-09-26 11:08:19  [115/262] 2024-07-11: 54 contracts (23650-24950), 293,051 rows, 18s
2026-09-26 11:08:43  [116/262] 2024-07-04: 66 contracts (23300-24900), 375,859 rows, 24s
2026-09-26 11:09:21  [117/262] 2024-06-27: 72 contracts (22850-24600), 1,150,371 rows, 38s
2026-09-26 11:09:38  [118/262] 2024-06-20: 54 contracts (22850-24150), 257,960 rows, 17s
2026-09-26 11:10:02  [119/262] 2024-06-13: 76 contracts (22150-24000), 399,088 rows, 24s
2026-09-26 11:10:46  [120/262] 2024-06-06: 124 contracts (20800-23850), 646,132 rows, 43s
2026-09-26 11:11:19  [121/262] 2024-05-30: 70 contracts (21900-23600), 1,179,899 rows, 34s
2026-09-26 11:11:45  [122/262] 2024-05-23: 80 contracts (21550-23500), 482,581 rows, 26s
2026-09-26 11:12:08  [123/262] 2024-05-16: 68 contracts (21300-22950), 411,344 rows, 23s
2026-09-26 11:12:36  [124/262] 2024-05-09: 76 contracts (21450-23300), 426,131 rows, 28s
2026-09-26 11:12:57  [125/262] 2024-05-02: 62 contracts (21800-23300), 380,309 rows, 22s
2026-09-26 11:13:33  [126/262] 2024-04-25: 76 contracts (21300-23150), 1,457,716 rows, 36s
2026-09-26 11:13:57  [127/262] 2024-04-18: 76 contracts (21450-23300), 391,098 rows, 23s
2026-09-26 11:14:15  [128/262] 2024-04-10: 62 contracts (21800-23300), 342,841 rows, 18s
2026-09-26 11:14:40  [129/262] 2024-04-04: 60 contracts (21650-23100), 395,699 rows, 25s
2026-09-26 11:15:15  [130/262] 2024-03-28: 66 contracts (21400-23000), 1,244,776 rows, 35s
2026-09-26 11:15:37  [131/262] 2024-03-21: 62 contracts (21200-22700), 346,853 rows, 22s
2026-09-26 11:16:01  [132/262] 2024-03-14: 68 contracts (21400-23050), 395,091 rows, 24s
2026-09-26 11:16:25  [133/262] 2024-03-07: 70 contracts (21350-23050), 433,237 rows, 24s
2026-09-26 11:16:55  [134/262] 2024-02-29: 60 contracts (21350-22800), 1,043,799 rows, 30s
2026-09-26 11:17:16  [135/262] 2024-02-22: 60 contracts (21300-22750), 365,797 rows, 21s
2026-09-26 11:17:35  [136/262] 2024-02-15: 60 contracts (21050-22500), 362,793 rows, 19s
2026-09-26 11:17:57  [137/262] 2024-02-08: 62 contracts (21150-22650), 367,426 rows, 22s
2026-09-26 11:18:20  [138/262] 2024-02-01: 66 contracts (20750-22350), 420,218 rows, 23s
2026-09-26 11:18:48  [139/262] 2024-01-25: 66 contracts (20650-22250), 878,502 rows, 27s
2026-09-26 11:19:11  [140/262] 2024-01-18: 74 contracts (20800-22600), 460,838 rows, 23s
2026-09-26 11:19:28  [141/262] 2024-01-11: 54 contracts (20950-22250), 367,092 rows, 17s
2026-09-26 11:19:50  [142/262] 2024-01-04: 56 contracts (21000-22350), 366,146 rows, 22s
2026-09-26 11:20:20  [143/262] 2023-12-28: 76 contracts (20500-22300), 806,340 rows, 29s
2026-09-26 11:20:39  [144/262] 2023-12-21: 66 contracts (20500-22100), 324,544 rows, 19s
2026-09-26 11:21:02  [145/262] 2023-12-14: 60 contracts (20250-21700), 275,697 rows, 23s
2026-09-26 11:21:28  [146/262] 2023-12-07: 80 contracts (19500-21450), 388,682 rows, 27s
2026-09-26 11:21:54  [147/262] 2023-11-30: 58 contracts (19250-20650), 921,415 rows, 25s
2026-09-26 11:22:09  [148/262] 2023-11-23: 50 contracts (19150-20350), 294,892 rows, 15s
2026-09-26 11:22:28  [149/262] 2023-11-16: 62 contracts (18850-20350), 352,945 rows, 18s
2026-09-26 11:22:51  [150/262] 2023-11-09: 58 contracts (18550-19950), 348,097 rows, 23s
2026-09-26 11:23:11  [151/262] 2023-11-02: 58 contracts (18350-19750), 357,301 rows, 20s
2026-09-26 11:23:43  [152/262] 2023-10-26: 76 contracts (18350-20200), 1,166,185 rows, 33s
2026-09-26 11:24:01  [153/262] 2023-10-19: 56 contracts (19000-20350), 329,034 rows, 17s
2026-09-26 11:24:17  [154/262] 2023-10-12: 56 contracts (19000-20350), 284,810 rows, 16s
2026-09-26 11:24:40  [155/262] 2023-10-05: 58 contracts (18850-20250), 304,536 rows, 23s
2026-09-26 11:25:08  [156/262] 2023-09-28: 56 contracts (19000-20350), 1,063,738 rows, 28s
2026-09-26 11:25:24  [157/262] 2023-09-21: 62 contracts (19200-20700), 256,999 rows, 17s
2026-09-26 11:25:43  [158/262] 2023-09-14: 66 contracts (19050-20650), 289,180 rows, 19s
2026-09-26 11:26:12  [159/262] 2023-09-07: 64 contracts (18700-20250), 343,421 rows, 29s
2026-09-26 11:26:39  [160/262] 2023-08-31: 58 contracts (18700-20100), 1,040,629 rows, 27s
2026-09-26 11:26:56  [161/262] 2023-08-24: 56 contracts (18750-20100), 316,620 rows, 17s
2026-09-26 11:27:12  [162/262] 2023-08-17: 56 contracts (18750-20100), 313,305 rows, 17s
2026-09-26 11:27:35  [163/262] 2023-08-10: 56 contracts (18800-20150), 342,353 rows, 22s
2026-09-26 11:27:57  [164/262] 2023-08-03: 64 contracts (18800-20350), 424,567 rows, 22s
2026-09-26 11:28:18  [165/262] 2023-07-27: 58 contracts (19100-20500), 575,052 rows, 21s
2026-09-26 11:28:40  [166/262] 2023-07-20: 66 contracts (18900-20500), 339,130 rows, 22s
2026-09-26 11:28:57  [167/262] 2023-07-13: 52 contracts (18800-20050), 255,128 rows, 17s
2026-09-26 11:29:20  [168/262] 2023-07-06: 62 contracts (18500-20000), 303,984 rows, 23s
2026-09-26 11:29:34  [169/262] 2023-06-29: FAILED -- no candles for any contract
2026-09-26 11:29:54  [170/262] 2023-06-28: FAILED -- no candles for any contract
2026-09-26 11:30:13  [171/262] 2023-06-22: 52 contracts (18150-19400), 309,305 rows, 19s
2026-09-26 11:30:30  [172/262] 2023-06-15: 52 contracts (18050-19300), 332,313 rows, 17s
2026-09-26 11:30:49  [173/262] 2023-06-08: 56 contracts (17950-19300), 333,267 rows, 19s
2026-09-26 11:31:10  [174/262] 2023-06-01: 60 contracts (17700-19150), 403,539 rows, 21s
2026-09-26 11:31:33  [175/262] 2023-05-25: 56 contracts (17550-18900), 764,121 rows, 23s
2026-09-26 11:31:50  [176/262] 2023-05-18: 56 contracts (17600-18950), 289,088 rows, 17s
2026-09-26 11:32:07  [177/262] 2023-05-11: 56 contracts (17550-18900), 270,771 rows, 17s
2026-09-26 11:32:31  [178/262] 2023-05-04: 60 contracts (17300-18750), 312,395 rows, 25s
2026-09-26 11:32:58  [179/262] 2023-04-27: 58 contracts (17050-18450), 1,002,149 rows, 26s
2026-09-26 11:33:13  [180/262] 2023-04-20: 54 contracts (17050-18350), 237,291 rows, 15s
2026-09-26 11:33:28  [181/262] 2023-04-13: 56 contracts (17000-18350), 257,740 rows, 16s
2026-09-26 11:33:55  [182/262] 2023-04-06: 60 contracts (16700-18150), 330,444 rows, 26s
2026-09-26 11:33:56  [183/262] 2023-03-30: 2 contracts (16450-17650), 742 rows, 1s
2026-09-26 11:34:21  [184/262] 2023-03-29: 54 contracts (16400-17700), 784,599 rows, 25s
2026-09-26 11:34:37  [185/262] 2023-03-23: 56 contracts (16350-17700), 310,050 rows, 17s
2026-09-26 11:35:01  [186/262] 2023-03-16: 78 contracts (16350-18250), 384,039 rows, 23s
2026-09-26 11:35:26  [187/262] 2023-03-09: 62 contracts (16800-18300), 344,404 rows, 26s
2026-09-26 11:35:44  [188/262] 2023-03-02: 56 contracts (16750-18100), 369,871 rows, 18s
2026-09-26 11:36:15  [189/262] 2023-02-23: 70 contracts (16950-18650), 1,072,691 rows, 31s
2026-09-26 11:36:33  [190/262] 2023-02-16: 60 contracts (17200-18650), 351,060 rows, 18s
2026-09-26 11:36:51  [191/262] 2023-02-09: 60 contracts (16950-18400), 347,074 rows, 18s
2026-09-26 11:37:20  [192/262] 2023-02-02: 72 contracts (16850-18600), 435,367 rows, 29s
2026-09-26 11:37:47  [193/262] 2023-01-25: 56 contracts (17350-18700), 903,424 rows, 27s
2026-09-26 11:38:05  [194/262] 2023-01-19: 60 contracts (17250-18700), 374,428 rows, 18s
2026-09-26 11:38:23  [195/262] 2023-01-12: 58 contracts (17250-18650), 343,321 rows, 18s
2026-09-26 11:38:45  [196/262] 2023-01-05: 56 contracts (17400-18750), 355,034 rows, 22s
2026-09-26 11:39:14  [197/262] 2022-12-29: 64 contracts (17250-18800), 1,097,931 rows, 29s
2026-09-26 11:39:33  [198/262] 2022-12-22: 66 contracts (17550-19150), 372,535 rows, 19s
2026-09-26 11:39:50  [199/262] 2022-12-15: 56 contracts (17850-19200), 339,903 rows, 17s
2026-09-26 11:40:15  [200/262] 2022-12-08: 56 contracts (18050-19400), 320,604 rows, 25s
2026-09-26 11:40:35  [201/262] 2022-12-01: 66 contracts (17800-19400), 377,270 rows, 20s
2026-09-26 11:40:59  [202/262] 2022-11-24: 58 contracts (17650-19050), 761,499 rows, 24s
2026-09-26 11:41:18  [203/262] 2022-11-17: 62 contracts (17450-18950), 317,430 rows, 19s
2026-09-26 11:41:35  [204/262] 2022-11-10: 56 contracts (17450-18800), 263,571 rows, 17s
2026-09-26 11:42:01  [205/262] 2022-11-03: 64 contracts (17150-18700), 330,123 rows, 26s
2026-09-26 11:42:27  [206/262] 2022-10-27: 58 contracts (16900-18300), 963,963 rows, 27s
2026-09-26 11:42:47  [207/262] 2022-10-20: 68 contracts (16450-18100), 399,739 rows, 20s
2026-09-26 11:43:05  [208/262] 2022-10-13: 62 contracts (16450-17950), 333,529 rows, 18s
2026-09-26 11:43:34  [209/262] 2022-10-06: 70 contracts (16250-17950), 369,362 rows, 29s
2026-09-26 11:44:09  [210/262] 2022-09-29: 78 contracts (16300-18200), 1,301,020 rows, 34s
2026-09-26 11:44:29  [211/262] 2022-09-22: 68 contracts (16950-18600), 408,426 rows, 20s
2026-09-26 11:44:47  [212/262] 2022-09-15: 58 contracts (17200-18600), 338,799 rows, 17s
2026-09-26 11:45:11  [213/262] 2022-09-08: 56 contracts (16950-18300), 320,020 rows, 24s
2026-09-26 11:45:32  [214/262] 2022-09-01: 68 contracts (16650-18300), 400,828 rows, 21s
2026-09-26 11:45:57  [215/262] 2022-08-25: 68 contracts (16850-18500), 796,405 rows, 25s
2026-09-26 11:46:15  [216/262] 2022-08-18: 56 contracts (17100-18450), 244,264 rows, 18s
2026-09-26 11:46:36  [217/262] 2022-08-11: 64 contracts (16650-18200), 308,520 rows, 21s
2026-09-26 11:47:01  [218/262] 2022-08-04: 72 contracts (16250-18000), 397,297 rows, 25s
2026-09-26 11:47:30  [219/262] 2022-07-28: 62 contracts (15950-17450), 1,026,619 rows, 28s
2026-09-26 11:47:52  [220/262] 2022-07-21: 74 contracts (15350-17150), 429,884 rows, 22s
2026-09-26 11:48:13  [221/262] 2022-07-14: 60 contracts (15350-16800), 376,345 rows, 21s
2026-09-26 11:48:38  [222/262] 2022-07-07: 68 contracts (15000-16650), 446,489 rows, 26s
2026-09-26 11:49:08  [223/262] 2022-06-30: 66 contracts (14850-16450), 972,024 rows, 29s
2026-09-26 11:49:27  [224/262] 2022-06-23: 68 contracts (14700-16350), 372,723 rows, 20s
2026-09-26 11:49:58  [225/262] 2022-06-16: 88 contracts (14850-17000), 467,672 rows, 31s
2026-09-26 11:50:21  [226/262] 2022-06-09: 64 contracts (15750-17300), 388,036 rows, 22s
2026-09-26 11:50:43  [227/262] 2022-06-02: 74 contracts (15400-17200), 478,054 rows, 23s
2026-09-26 11:51:11  [228/262] 2022-05-26: 66 contracts (15300-16900), 842,340 rows, 28s
2026-09-26 11:51:30  [229/262] 2022-05-19: 68 contracts (15250-16900), 317,390 rows, 19s
2026-09-26 11:52:02  [230/262] 2022-05-12: 90 contracts (15250-17450), 436,636 rows, 32s
2026-09-26 11:52:27  [231/262] 2022-05-05: 74 contracts (16100-17900), 399,030 rows, 25s
2026-09-26 11:52:56  [232/262] 2022-04-28: 62 contracts (16400-17900), 1,018,189 rows, 29s
2026-09-26 11:53:19  [233/262] 2022-04-21: 76 contracts (16300-18150), 382,531 rows, 23s
2026-09-26 11:53:38  [234/262] 2022-04-13: 58 contracts (16950-18350), 321,889 rows, 18s
2026-09-26 11:54:05  [235/262] 2022-04-07: 70 contracts (16900-18600), 413,922 rows, 27s
2026-09-26 11:54:37  [236/262] 2022-03-31: 64 contracts (16500-18050), 1,137,229 rows, 32s
2026-09-26 11:54:57  [237/262] 2022-03-24: 60 contracts (16500-17950), 376,716 rows, 20s
2026-09-26 11:55:23  [238/262] 2022-03-17: 78 contracts (15950-17850), 388,402 rows, 26s
2026-09-26 11:55:54  [239/262] 2022-03-10: 86 contracts (15150-17250), 394,791 rows, 32s
2026-09-26 11:56:17  [240/262] 2022-03-03: 66 contracts (15700-17300), 329,601 rows, 22s
2026-09-26 11:57:01  [241/262] 2022-02-24: 92 contracts (15700-17950), 1,246,895 rows, 44s
2026-09-26 11:57:26  [242/262] 2022-02-17: 76 contracts (16300-18150), 380,771 rows, 25s
2026-09-26 11:57:54  [243/262] 2022-02-10: 72 contracts (16550-18300), 381,524 rows, 28s
2026-09-26 11:58:21  [244/262] 2022-02-03: 80 contracts (16350-18300), 426,110 rows, 27s
2026-09-26 11:59:05  [245/262] 2022-01-27: 86 contracts (16350-18450), 1,356,942 rows, 44s
2026-09-26 11:59:28  [246/262] 2022-01-20: 70 contracts (17150-18850), 341,218 rows, 23s
2026-09-26 11:59:50  [247/262] 2022-01-13: 66 contracts (17150-18750), 314,201 rows, 22s
2026-09-26 12:00:16  [248/262] 2022-01-06: 74 contracts (16650-18450), 408,726 rows, 26s
2026-09-26 12:00:50  [249/262] 2021-12-30: 60 contracts (16350-17800), 988,136 rows, 34s
2026-09-26 12:01:18  [250/262] 2021-12-23: 82 contracts (15900-17900), 444,848 rows, 29s
2026-09-26 12:01:40  [251/262] 2021-12-16: 60 contracts (16700-18150), 339,744 rows, 22s
2026-09-26 12:02:04  [252/262] 2021-12-09: 68 contracts (16400-18050), 338,917 rows, 24s
2026-09-26 12:02:28  [253/262] 2021-12-02: 72 contracts (16300-18050), 321,243 rows, 24s
2026-09-26 12:03:04  [254/262] 2021-11-25: 72 contracts (16700-18450), 1,059,953 rows, 36s
2026-09-26 12:03:25  [255/262] 2021-11-18: 62 contracts (17200-18700), 324,059 rows, 21s
2026-09-26 12:03:44  [256/262] 2021-11-11: 56 contracts (17250-18600), 295,685 rows, 19s
2026-09-26 12:04:07  [257/262] 2021-11-03: 66 contracts (17100-18700), 369,752 rows, 23s
2026-09-26 12:04:39  [258/262] 2021-10-28: 66 contracts (17300-18900), 835,824 rows, 32s
2026-09-26 12:05:01  [259/262] 2021-10-21: 64 contracts (17550-19100), 315,950 rows, 22s
2026-09-26 12:05:24  [260/262] 2021-10-14: 66 contracts (17250-18850), 337,617 rows, 23s
2026-09-26 12:05:45  [261/262] 2021-10-07: 60 contracts (16950-18400), 367,227 rows, 21s
2026-09-26 12:06:12  [262/262] 2021-09-30: 60 contracts (17000-18450), 680,333 rows, 27s
2026-09-26 12:06:12  ==== finished: 261 expiries on disk, options data 1.33 GB ====
2026-09-26 13:02:16  top-up 2023-06-22 from 2023-06-12: +4 contracts (4 missing, 18050-19400)
2026-09-26 13:02:33  top-up 2023-06-22 from 2023-05-22: +14 contracts (14 missing, 17700-19400)
2026-09-26 13:03:08  top-up 2021-12-30 from 2021-11-01: +54 contracts (54 missing, 15900-18700)
2026-09-26 17:44:31  ==== widen strikes by 500 pts on 261 expiries ====
2026-09-26 17:44:53  top-up 2026-09-22 widen +/-500: +40 contracts (40 missing, 22100-24600)
2026-09-26 17:44:53  [1/261] 2026-09-22: +40 contracts  22s
2026-09-26 17:45:13  top-up 2026-09-15 widen +/-500: +33 contracts (40 missing, 22100-24750)
2026-09-26 17:45:13  [2/261] 2026-09-15: +33 contracts  20s
2026-09-26 17:45:32  top-up 2026-09-08 widen +/-500: +36 contracts (40 missing, 22600-25150)
2026-09-26 17:45:32  [3/261] 2026-09-08: +36 contracts  19s
2026-09-26 17:45:50  top-up 2026-09-01 widen +/-500: +39 contracts (40 missing, 22950-25400)
2026-09-26 17:45:50  [4/261] 2026-09-01: +39 contracts  18s
2026-09-26 17:46:14  top-up 2026-08-25 widen +/-500: +40 contracts (40 missing, 23050-25350)
2026-09-26 17:46:14  [5/261] 2026-08-25: +40 contracts  24s
2026-09-26 17:46:28  top-up 2026-08-18 widen +/-500: +40 contracts (40 missing, 23150-25600)
2026-09-26 17:46:28  [6/261] 2026-08-18: +40 contracts  13s
2026-09-26 17:46:42  top-up 2026-08-11 widen +/-500: +40 contracts (40 missing, 23450-25700)
2026-09-26 17:46:42  [7/261] 2026-08-11: +40 contracts  14s
2026-09-26 17:46:57  top-up 2026-08-04 widen +/-500: +39 contracts (40 missing, 22950-25750)
2026-09-26 17:46:57  [8/261] 2026-08-04: +39 contracts  15s
2026-09-26 17:47:22  top-up 2026-07-28 widen +/-500: +40 contracts (40 missing, 22600-25250)
2026-09-26 17:47:22  [9/261] 2026-07-28: +40 contracts  25s
2026-09-26 17:47:36  top-up 2026-07-21 widen +/-500: +40 contracts (40 missing, 23000-25350)
2026-09-26 17:47:36  [10/261] 2026-07-21: +40 contracts  15s
2026-09-26 17:47:52  top-up 2026-07-14 widen +/-500: +40 contracts (40 missing, 22800-25550)
2026-09-26 17:47:52  [11/261] 2026-07-14: +40 contracts  16s
2026-09-26 17:48:07  top-up 2026-07-07 widen +/-500: +40 contracts (40 missing, 22850-25550)
2026-09-26 17:48:07  [12/261] 2026-07-07: +40 contracts  15s
2026-09-26 17:48:31  top-up 2026-06-30 widen +/-500: +40 contracts (40 missing, 22800-25250)
2026-09-26 17:48:31  [13/261] 2026-06-30: +40 contracts  24s
2026-09-26 17:48:44  top-up 2026-06-23 widen +/-500: +40 contracts (40 missing, 22800-25200)
2026-09-26 17:48:44  [14/261] 2026-06-23: +40 contracts  13s
2026-09-26 17:48:55  top-up 2026-06-16 widen +/-500: +40 contracts (40 missing, 22050-25000)
2026-09-26 17:48:55  [15/261] 2026-06-16: +40 contracts  12s
2026-09-26 17:49:08  top-up 2026-06-09 widen +/-500: +40 contracts (40 missing, 22050-24550)
2026-09-26 17:49:08  [16/261] 2026-06-09: +40 contracts  13s
2026-09-26 17:49:22  top-up 2026-06-02 widen +/-500: +40 contracts (40 missing, 22250-25100)
2026-09-26 17:49:22  [17/261] 2026-06-02: +40 contracts  14s
2026-09-26 17:50:00  top-up 2026-05-26 widen +/-500: +40 contracts (40 missing, 22400-25100)
2026-09-26 17:50:00  [18/261] 2026-05-26: +40 contracts  38s
2026-09-26 17:50:12  top-up 2026-05-19 widen +/-500: +39 contracts (40 missing, 22250-24850)
2026-09-26 17:50:12  [19/261] 2026-05-19: +39 contracts  12s
2026-09-26 17:50:23  top-up 2026-05-12 widen +/-500: +40 contracts (40 missing, 22350-25500)
2026-09-26 17:50:23  [20/261] 2026-05-12: +40 contracts  11s
2026-09-26 17:50:35  top-up 2026-05-05 widen +/-500: +40 contracts (40 missing, 22800-25350)
2026-09-26 17:50:35  [21/261] 2026-05-05: +40 contracts  12s
2026-09-26 17:51:08  top-up 2026-04-28 widen +/-500: +40 contracts (40 missing, 22800-25600)
2026-09-26 17:51:08  [22/261] 2026-04-28: +40 contracts  32s
2026-09-26 17:51:20  top-up 2026-04-21 widen +/-500: +40 contracts (40 missing, 22550-25600)
2026-09-26 17:51:20  [23/261] 2026-04-21: +40 contracts  12s
2026-09-26 17:51:36  top-up 2026-04-13 widen +/-500: +40 contracts (40 missing, 21700-25050)
2026-09-26 17:51:36  [24/261] 2026-04-13: +40 contracts  16s
2026-09-26 17:51:55  top-up 2026-04-07 widen +/-500: +40 contracts (40 missing, 21200-24150)
2026-09-26 17:51:55  [25/261] 2026-04-07: +40 contracts  19s
2026-09-26 17:52:38  top-up 2026-03-30 widen +/-500: +40 contracts (40 missing, 21300-24450)
2026-09-26 17:52:38  [26/261] 2026-03-30: +40 contracts  43s
2026-09-26 17:53:07  top-up 2026-03-24 widen +/-500: +40 contracts (40 missing, 21450-24850)
2026-09-26 17:53:07  [27/261] 2026-03-24: +40 contracts  29s
2026-09-26 17:53:23  top-up 2026-03-17 widen +/-500: +40 contracts (40 missing, 21950-25300)
2026-09-26 17:53:23  [28/261] 2026-03-17: +40 contracts  16s
2026-09-26 17:53:35  top-up 2026-03-10 widen +/-500: +38 contracts (40 missing, 22700-26000)
2026-09-26 17:53:35  [29/261] 2026-03-10: +38 contracts  12s
2026-09-26 17:53:47  top-up 2026-03-02 widen +/-500: +40 contracts (40 missing, 23600-26650)
2026-09-26 17:53:47  [30/261] 2026-03-02: +40 contracts  12s
2026-09-26 17:54:03  top-up 2026-02-24 widen +/-500: +40 contracts (40 missing, 24350-26900)
2026-09-26 17:54:03  [31/261] 2026-02-24: +40 contracts  16s
2026-09-26 17:54:17  top-up 2026-02-17 widen +/-500: +40 contracts (40 missing, 24350-27000)
2026-09-26 17:54:17  [32/261] 2026-02-17: +40 contracts  14s
2026-09-26 17:54:31  top-up 2026-02-10 widen +/-500: +40 contracts (40 missing, 24500-27350)
2026-09-26 17:54:31  [33/261] 2026-02-10: +40 contracts  14s
2026-09-26 17:54:43  top-up 2026-02-03 widen +/-500: +40 contracts (40 missing, 23550-27350)
2026-09-26 17:54:43  [34/261] 2026-02-03: +40 contracts  12s
2026-09-26 17:55:02  top-up 2026-01-27 widen +/-500: +40 contracts (40 missing, 23900-26600)
2026-09-26 17:55:02  [35/261] 2026-01-27: +40 contracts  18s
2026-09-26 17:55:13  top-up 2026-01-20 widen +/-500: +40 contracts (40 missing, 24150-26900)
2026-09-26 17:55:13  [36/261] 2026-01-20: +40 contracts  11s
2026-09-26 17:55:27  top-up 2026-01-13 widen +/-500: +40 contracts (40 missing, 24450-27250)
2026-09-26 17:55:27  [37/261] 2026-01-13: +40 contracts  14s
2026-09-26 17:55:39  top-up 2026-01-06 widen +/-500: +40 contracts (40 missing, 24900-27350)
2026-09-26 17:55:39  [38/261] 2026-01-06: +40 contracts  12s
2026-09-26 17:56:02  top-up 2025-12-30 widen +/-500: +40 contracts (40 missing, 24900-27250)
2026-09-26 17:56:02  [39/261] 2025-12-30: +40 contracts  23s
2026-09-26 17:56:14  top-up 2025-12-23 widen +/-500: +40 contracts (40 missing, 24750-27250)
2026-09-26 17:56:14  [40/261] 2025-12-23: +40 contracts  12s
2026-09-26 17:56:26  top-up 2025-12-16 widen +/-500: +40 contracts (40 missing, 24700-27050)
2026-09-26 17:56:26  [41/261] 2025-12-16: +40 contracts  12s
2026-09-26 17:56:39  top-up 2025-12-09 widen +/-500: +40 contracts (40 missing, 24750-27200)
2026-09-26 17:56:39  [42/261] 2025-12-09: +40 contracts  12s
2026-09-26 17:56:53  top-up 2025-12-02 widen +/-500: +40 contracts (40 missing, 24850-27350)
2026-09-26 17:56:53  [43/261] 2025-12-02: +40 contracts  14s
2026-09-26 17:57:12  top-up 2025-11-25 widen +/-500: +40 contracts (40 missing, 24850-27250)
2026-09-26 17:57:12  [44/261] 2025-11-25: +40 contracts  20s
2026-09-26 17:57:24  top-up 2025-11-18 widen +/-500: +40 contracts (40 missing, 24450-27050)
2026-09-26 17:57:24  [45/261] 2025-11-18: +40 contracts  12s
2026-09-26 17:57:40  top-up 2025-11-11 widen +/-500: +40 contracts (40 missing, 24300-26800)
2026-09-26 17:57:40  [46/261] 2025-11-11: +40 contracts  16s
2026-09-26 17:57:53  top-up 2025-11-04 widen +/-500: +40 contracts (40 missing, 24600-27100)
2026-09-26 17:57:53  [47/261] 2025-11-04: +40 contracts  13s
2026-09-26 17:58:10  top-up 2025-10-28 widen +/-500: +40 contracts (40 missing, 24700-27100)
2026-09-26 17:58:10  [48/261] 2025-10-28: +40 contracts  17s
2026-09-26 17:58:21  top-up 2025-10-20 widen +/-500: +40 contracts (40 missing, 24050-26950)
2026-09-26 17:58:21  [49/261] 2025-10-20: +40 contracts  11s
2026-09-26 17:58:34  top-up 2025-10-14 widen +/-500: +40 contracts (40 missing, 24000-26350)
2026-09-26 17:58:34  [50/261] 2025-10-14: +40 contracts  13s
2026-09-26 17:58:48  top-up 2025-10-07 widen +/-500: +40 contracts (40 missing, 23600-26200)
2026-09-26 17:58:48  [51/261] 2025-10-07: +40 contracts  14s
2026-09-26 17:59:07  top-up 2025-09-30 widen +/-500: +40 contracts (40 missing, 23600-26250)
2026-09-26 17:59:07  [52/261] 2025-09-30: +40 contracts  19s
2026-09-26 17:59:18  top-up 2025-09-23 widen +/-500: +40 contracts (40 missing, 24050-26450)
2026-09-26 17:59:18  [53/261] 2025-09-23: +40 contracts  11s
2026-09-26 17:59:30  top-up 2025-09-16 widen +/-500: +40 contracts (40 missing, 23800-26250)
2026-09-26 17:59:30  [54/261] 2025-09-16: +40 contracts  11s
2026-09-26 17:59:43  top-up 2025-09-09 widen +/-500: +40 contracts (40 missing, 23500-26000)
2026-09-26 17:59:43  [55/261] 2025-09-09: +40 contracts  14s
2026-09-26 17:59:59  top-up 2025-09-02 widen +/-500: +40 contracts (40 missing, 23400-25750)
2026-09-26 17:59:59  [56/261] 2025-09-02: +40 contracts  16s
2026-09-26 18:00:18  top-up 2025-08-28 widen +/-500: +40 contracts (40 missing, 23500-26150)
2026-09-26 18:00:19  [57/261] 2025-08-28: +40 contracts  20s
2026-09-26 18:00:30  top-up 2025-08-21 widen +/-500: +40 contracts (40 missing, 23600-26150)
2026-09-26 18:00:30  [58/261] 2025-08-21: +40 contracts  11s
2026-09-26 18:00:43  top-up 2025-08-14 widen +/-500: +40 contracts (40 missing, 23350-25700)
2026-09-26 18:00:43  [59/261] 2025-08-14: +40 contracts  13s
2026-09-26 18:00:55  top-up 2025-08-07 widen +/-500: +40 contracts (40 missing, 23350-25950)
2026-09-26 18:00:55  [60/261] 2025-08-07: +40 contracts  13s
2026-09-26 18:01:13  top-up 2025-07-31 widen +/-500: +40 contracts (40 missing, 23600-26250)
2026-09-26 18:01:13  [61/261] 2025-07-31: +40 contracts  18s
2026-09-26 18:01:27  top-up 2025-07-24 widen +/-500: +40 contracts (40 missing, 23900-26250)
2026-09-26 18:01:27  [62/261] 2025-07-24: +40 contracts  13s
2026-09-26 18:01:39  top-up 2025-07-17 widen +/-500: +40 contracts (40 missing, 24000-26500)
2026-09-26 18:01:39  [63/261] 2025-07-17: +40 contracts  12s
2026-09-26 18:01:52  top-up 2025-07-10 widen +/-500: +40 contracts (40 missing, 24350-26600)
2026-09-26 18:01:52  [64/261] 2025-07-10: +40 contracts  13s
2026-09-26 18:02:06  top-up 2025-07-03 widen +/-500: +40 contracts (40 missing, 24250-26650)
2026-09-26 18:02:06  [65/261] 2025-07-03: +40 contracts  14s
2026-09-26 18:02:27  top-up 2025-06-26 widen +/-500: +40 contracts (40 missing, 23750-26550)
2026-09-26 18:02:27  [66/261] 2025-06-26: +40 contracts  21s
2026-09-26 18:02:39  top-up 2025-06-19 widen +/-500: +40 contracts (40 missing, 23450-26200)
2026-09-26 18:02:39  [67/261] 2025-06-19: +40 contracts  12s
2026-09-26 18:02:51  top-up 2025-06-12 widen +/-500: +40 contracts (40 missing, 23600-26200)
2026-09-26 18:02:51  [68/261] 2025-06-12: +40 contracts  13s
2026-09-26 18:03:04  top-up 2025-06-05 widen +/-500: +40 contracts (40 missing, 23500-25900)
2026-09-26 18:03:04  [69/261] 2025-06-05: +40 contracts  13s
2026-09-26 18:03:22  top-up 2025-05-29 widen +/-500: +40 contracts (40 missing, 23450-26100)
2026-09-26 18:03:22  [70/261] 2025-05-29: +40 contracts  18s
2026-09-26 18:03:35  top-up 2025-05-22 widen +/-500: +40 contracts (40 missing, 23450-26100)
2026-09-26 18:03:35  [71/261] 2025-05-22: +40 contracts  13s
2026-09-26 18:03:48  top-up 2025-05-15 widen +/-500: +40 contracts (40 missing, 22950-26100)
2026-09-26 18:03:48  [72/261] 2025-05-15: +40 contracts  13s
2026-09-26 18:04:01  top-up 2025-05-08 widen +/-500: +40 contracts (40 missing, 23150-25600)
2026-09-26 18:04:01  [73/261] 2025-05-08: +40 contracts  13s
2026-09-26 18:04:16  top-up 2025-04-30 widen +/-500: +40 contracts (40 missing, 22850-25450)
2026-09-26 18:04:16  [74/261] 2025-04-30: +40 contracts  14s
2026-09-26 18:04:33  top-up 2025-04-24 widen +/-500: +40 contracts (40 missing, 22300-25350)
2026-09-26 18:04:34  [75/261] 2025-04-24: +40 contracts  18s
2026-09-26 18:04:45  top-up 2025-04-17 widen +/-500: +40 contracts (40 missing, 21350-24850)
2026-09-26 18:04:45  [76/261] 2025-04-17: +40 contracts  12s
2026-09-26 18:04:58  top-up 2025-04-09 widen +/-500: +40 contracts (40 missing, 20750-24300)
2026-09-26 18:04:58  [77/261] 2025-04-09: +40 contracts  12s
2026-09-26 18:05:12  top-up 2025-04-03 widen +/-500: +40 contracts (40 missing, 22150-24650)
2026-09-26 18:05:12  [78/261] 2025-04-03: +40 contracts  14s
2026-09-26 18:05:30  top-up 2025-03-27 widen +/-500: +40 contracts (40 missing, 21950-24850)
2026-09-26 18:05:30  [79/261] 2025-03-27: +40 contracts  19s
2026-09-26 18:05:42  top-up 2025-03-20 widen +/-500: +40 contracts (40 missing, 21350-24200)
2026-09-26 18:05:42  [80/261] 2025-03-20: +40 contracts  12s
2026-09-26 18:05:55  top-up 2025-03-13 widen +/-500: +40 contracts (40 missing, 21250-23700)
2026-09-26 18:05:55  [81/261] 2025-03-13: +40 contracts  13s
2026-09-26 18:06:08  top-up 2025-03-06 widen +/-500: +40 contracts (40 missing, 20950-23600)
2026-09-26 18:06:08  [82/261] 2025-03-06: +40 contracts  13s
2026-09-26 18:06:25  top-up 2025-02-27 widen +/-500: +40 contracts (40 missing, 21500-23900)
2026-09-26 18:06:25  [83/261] 2025-02-27: +40 contracts  17s
2026-09-26 18:06:38  top-up 2025-02-20 widen +/-500: +38 contracts (40 missing, 21750-24250)
2026-09-26 18:06:39  [84/261] 2025-02-20: +38 contracts  13s
2026-09-26 18:06:51  top-up 2025-02-13 widen +/-500: +38 contracts (40 missing, 21800-24750)
2026-09-26 18:06:51  [85/261] 2025-02-13: +38 contracts  12s
2026-09-26 18:07:04  top-up 2025-02-06 widen +/-500: +40 contracts (40 missing, 22150-24800)
2026-09-26 18:07:04  [86/261] 2025-02-06: +40 contracts  13s
2026-09-26 18:07:22  top-up 2025-01-30 widen +/-500: +40 contracts (40 missing, 21800-24350)
2026-09-26 18:07:22  [87/261] 2025-01-30: +40 contracts  19s
2026-09-26 18:07:35  top-up 2025-01-23 widen +/-500: +40 contracts (40 missing, 22000-24450)
2026-09-26 18:07:35  [88/261] 2025-01-23: +40 contracts  12s
2026-09-26 18:07:47  top-up 2025-01-16 widen +/-500: +37 contracts (40 missing, 22050-24700)
2026-09-26 18:07:47  [89/261] 2025-01-16: +37 contracts  12s
2026-09-26 18:07:59  top-up 2025-01-09 widen +/-500: +39 contracts (40 missing, 22500-25250)
2026-09-26 18:07:59  [90/261] 2025-01-09: +39 contracts  12s
2026-09-26 18:08:14  top-up 2025-01-02 widen +/-500: +39 contracts (40 missing, 22450-25250)
2026-09-26 18:08:14  [91/261] 2025-01-02: +39 contracts  15s
2026-09-26 18:08:37  top-up 2024-12-26 widen +/-500: +40 contracts (40 missing, 22550-25050)
2026-09-26 18:08:38  [92/261] 2024-12-26: +40 contracts  24s
2026-09-26 18:08:50  top-up 2024-12-19 widen +/-500: +40 contracts (40 missing, 22850-25800)
2026-09-26 18:08:50  [93/261] 2024-12-19: +40 contracts  12s
2026-09-26 18:09:03  top-up 2024-12-12 widen +/-500: +40 contracts (40 missing, 23300-25850)
2026-09-26 18:09:03  [94/261] 2024-12-12: +40 contracts  13s
2026-09-26 18:09:15  top-up 2024-12-05 widen +/-500: +40 contracts (40 missing, 22850-25850)
2026-09-26 18:09:15  [95/261] 2024-12-05: +40 contracts  12s
2026-09-26 18:09:32  top-up 2024-11-28 widen +/-500: +40 contracts (40 missing, 22250-25350)
2026-09-26 18:09:32  [96/261] 2024-11-28: +40 contracts  17s
2026-09-26 18:09:46  top-up 2024-11-21 widen +/-500: +40 contracts (40 missing, 22250-24800)
2026-09-26 18:09:46  [97/261] 2024-11-21: +40 contracts  14s
2026-09-26 18:09:59  top-up 2024-11-14 widen +/-500: +40 contracts (40 missing, 22500-25500)
2026-09-26 18:09:59  [98/261] 2024-11-14: +40 contracts  13s
2026-09-26 18:10:11  top-up 2024-11-07 widen +/-500: +40 contracts (40 missing, 22800-25550)
2026-09-26 18:10:11  [99/261] 2024-11-07: +40 contracts  13s
2026-09-26 18:10:30  top-up 2024-10-31 widen +/-500: +40 contracts (40 missing, 23050-25500)
2026-09-26 18:10:30  [100/261] 2024-10-31: +40 contracts  19s
2026-09-26 18:10:42  top-up 2024-10-24 widen +/-500: +40 contracts (40 missing, 23350-26050)
2026-09-26 18:10:42  [101/261] 2024-10-24: +40 contracts  12s
2026-09-26 18:10:54  top-up 2024-10-17 widen +/-500: +40 contracts (40 missing, 23750-26200)
2026-09-26 18:10:54  [102/261] 2024-10-17: +40 contracts  11s
2026-09-26 18:11:07  top-up 2024-10-10 widen +/-500: +39 contracts (40 missing, 23700-26650)
2026-09-26 18:11:07  [103/261] 2024-10-10: +39 contracts  13s
2026-09-26 18:11:21  top-up 2024-10-03 widen +/-500: +38 contracts (40 missing, 24250-27300)
2026-09-26 18:11:21  [104/261] 2024-10-03: +38 contracts  15s
2026-09-26 18:11:39  top-up 2024-09-26 widen +/-500: +40 contracts (40 missing, 24400-27250)
2026-09-26 18:11:39  [105/261] 2024-09-26: +40 contracts  18s
2026-09-26 18:11:51  top-up 2024-09-19 widen +/-500: +40 contracts (40 missing, 23950-26600)
2026-09-26 18:11:51  [106/261] 2024-09-19: +40 contracts  12s
2026-09-26 18:12:03  top-up 2024-09-12 widen +/-500: +37 contracts (40 missing, 23750-26450)
2026-09-26 18:12:03  [107/261] 2024-09-12: +37 contracts  12s
2026-09-26 18:12:15  top-up 2024-09-05 widen +/-500: +40 contracts (40 missing, 24000-26350)
2026-09-26 18:12:15  [108/261] 2024-09-05: +40 contracts  12s
2026-09-26 18:12:35  top-up 2024-08-29 widen +/-500: +40 contracts (40 missing, 23750-26200)
2026-09-26 18:12:35  [109/261] 2024-08-29: +40 contracts  20s
2026-09-26 18:12:47  top-up 2024-08-22 widen +/-500: +40 contracts (40 missing, 23100-25850)
2026-09-26 18:12:47  [110/261] 2024-08-22: +40 contracts  12s
2026-09-26 18:12:59  top-up 2024-08-14 widen +/-500: +40 contracts (40 missing, 23100-25450)
2026-09-26 18:12:59  [111/261] 2024-08-14: +40 contracts  12s
2026-09-26 18:13:11  top-up 2024-08-08 widen +/-500: +40 contracts (40 missing, 22900-26100)
2026-09-26 18:13:11  [112/261] 2024-08-08: +40 contracts  12s
2026-09-26 18:13:26  top-up 2024-08-01 widen +/-500: +40 contracts (40 missing, 23200-26100)
2026-09-26 18:13:26  [113/261] 2024-08-01: +40 contracts  15s
2026-09-26 18:13:46  top-up 2024-07-25 widen +/-500: +37 contracts (40 missing, 23050-25850)
2026-09-26 18:13:46  [114/261] 2024-07-25: +37 contracts  20s
2026-09-26 18:14:02  top-up 2024-07-18 widen +/-500: +39 contracts (40 missing, 23200-25850)
2026-09-26 18:14:02  [115/261] 2024-07-18: +39 contracts  16s
2026-09-26 18:14:15  top-up 2024-07-11 widen +/-500: +39 contracts (40 missing, 23150-25450)
2026-09-26 18:14:15  [116/261] 2024-07-11: +39 contracts  13s
2026-09-26 18:14:28  top-up 2024-07-04 widen +/-500: +40 contracts (40 missing, 22800-25400)
2026-09-26 18:14:28  [117/261] 2024-07-04: +40 contracts  13s
2026-09-26 18:14:46  top-up 2024-06-27 widen +/-500: +40 contracts (40 missing, 22350-25100)
2026-09-26 18:14:46  [118/261] 2024-06-27: +40 contracts  18s
2026-09-26 18:14:58  top-up 2024-06-20 widen +/-500: +40 contracts (40 missing, 22350-24650)
2026-09-26 18:14:58  [119/261] 2024-06-20: +40 contracts  13s
2026-09-26 18:15:11  top-up 2024-06-13 widen +/-500: +40 contracts (40 missing, 21650-24500)
2026-09-26 18:15:11  [120/261] 2024-06-13: +40 contracts  13s
2026-09-26 18:15:24  top-up 2024-06-06 widen +/-500: +40 contracts (40 missing, 20300-24350)
2026-09-26 18:15:24  [121/261] 2024-06-06: +40 contracts  12s
2026-09-26 18:15:41  top-up 2024-05-30 widen +/-500: +40 contracts (40 missing, 21400-24100)
2026-09-26 18:15:41  [122/261] 2024-05-30: +40 contracts  17s
2026-09-26 18:15:54  top-up 2024-05-23 widen +/-500: +40 contracts (40 missing, 21050-24000)
2026-09-26 18:15:54  [123/261] 2024-05-23: +40 contracts  13s
2026-09-26 18:16:06  top-up 2024-05-16 widen +/-500: +40 contracts (40 missing, 20800-23450)
2026-09-26 18:16:06  [124/261] 2024-05-16: +40 contracts  12s
2026-09-26 18:16:19  top-up 2024-05-09 widen +/-500: +40 contracts (40 missing, 20950-23800)
2026-09-26 18:16:19  [125/261] 2024-05-09: +40 contracts  13s
2026-09-26 18:16:34  top-up 2024-05-02 widen +/-500: +40 contracts (40 missing, 21300-23800)
2026-09-26 18:16:34  [126/261] 2024-05-02: +40 contracts  15s
2026-09-26 18:16:52  top-up 2024-04-25 widen +/-500: +40 contracts (40 missing, 20800-23650)
2026-09-26 18:16:52  [127/261] 2024-04-25: +40 contracts  18s
2026-09-26 18:17:03  top-up 2024-04-18 widen +/-500: +40 contracts (40 missing, 20950-23800)
2026-09-26 18:17:03  [128/261] 2024-04-18: +40 contracts  11s
2026-09-26 18:17:14  top-up 2024-04-10 widen +/-500: +40 contracts (40 missing, 21300-23800)
2026-09-26 18:17:14  [129/261] 2024-04-10: +40 contracts  12s
2026-09-26 18:17:28  top-up 2024-04-04 widen +/-500: +40 contracts (40 missing, 21150-23600)
2026-09-26 18:17:28  [130/261] 2024-04-04: +40 contracts  13s
2026-09-26 18:17:46  top-up 2024-03-28 widen +/-500: +40 contracts (40 missing, 20900-23500)
2026-09-26 18:17:46  [131/261] 2024-03-28: +40 contracts  18s
2026-09-26 18:18:00  top-up 2024-03-21 widen +/-500: +38 contracts (40 missing, 20700-23200)
2026-09-26 18:18:00  [132/261] 2024-03-21: +38 contracts  14s
2026-09-26 18:18:11  top-up 2024-03-14 widen +/-500: +39 contracts (40 missing, 20900-23550)
2026-09-26 18:18:11  [133/261] 2024-03-14: +39 contracts  11s
2026-09-26 18:18:22  top-up 2024-03-07 widen +/-500: +40 contracts (40 missing, 20850-23550)
2026-09-26 18:18:22  [134/261] 2024-03-07: +40 contracts  11s
2026-09-26 18:18:40  top-up 2024-02-29 widen +/-500: +40 contracts (40 missing, 20850-23300)
2026-09-26 18:18:40  [135/261] 2024-02-29: +40 contracts  18s
2026-09-26 18:18:56  top-up 2024-02-22 widen +/-500: +40 contracts (40 missing, 20800-23250)
2026-09-26 18:18:56  [136/261] 2024-02-22: +40 contracts  15s
2026-09-26 18:19:07  top-up 2024-02-15 widen +/-500: +39 contracts (40 missing, 20550-23000)
2026-09-26 18:19:07  [137/261] 2024-02-15: +39 contracts  12s
2026-09-26 18:19:18  top-up 2024-02-08 widen +/-500: +40 contracts (40 missing, 20650-23150)
2026-09-26 18:19:18  [138/261] 2024-02-08: +40 contracts  11s
2026-09-26 18:19:34  top-up 2024-02-01 widen +/-500: +40 contracts (40 missing, 20250-22850)
2026-09-26 18:19:34  [139/261] 2024-02-01: +40 contracts  15s
2026-09-26 18:19:51  top-up 2024-01-25 widen +/-500: +40 contracts (40 missing, 20150-22750)
2026-09-26 18:19:51  [140/261] 2024-01-25: +40 contracts  18s
2026-09-26 18:20:03  top-up 2024-01-18 widen +/-500: +38 contracts (40 missing, 20300-23100)
2026-09-26 18:20:03  [141/261] 2024-01-18: +38 contracts  12s
2026-09-26 18:20:15  top-up 2024-01-11 widen +/-500: +40 contracts (40 missing, 20450-22750)
2026-09-26 18:20:15  [142/261] 2024-01-11: +40 contracts  11s
2026-09-26 18:20:27  top-up 2024-01-04 widen +/-500: +40 contracts (40 missing, 20500-22850)
2026-09-26 18:20:27  [143/261] 2024-01-04: +40 contracts  12s
2026-09-26 18:20:45  top-up 2023-12-28 widen +/-500: +39 contracts (40 missing, 20000-22800)
2026-09-26 18:20:45  [144/261] 2023-12-28: +39 contracts  18s
2026-09-26 18:20:59  top-up 2023-12-21 widen +/-500: +40 contracts (40 missing, 20000-22600)
2026-09-26 18:20:59  [145/261] 2023-12-21: +40 contracts  14s
2026-09-26 18:21:11  top-up 2023-12-14 widen +/-500: +40 contracts (40 missing, 19750-22200)
2026-09-26 18:21:11  [146/261] 2023-12-14: +40 contracts  12s
2026-09-26 18:21:23  top-up 2023-12-07 widen +/-500: +35 contracts (40 missing, 19000-21950)
2026-09-26 18:21:23  [147/261] 2023-12-07: +35 contracts  12s
2026-09-26 18:21:39  top-up 2023-11-30 widen +/-500: +40 contracts (40 missing, 18750-21150)
2026-09-26 18:21:39  [148/261] 2023-11-30: +40 contracts  16s
2026-09-26 18:21:54  top-up 2023-11-23 widen +/-500: +40 contracts (40 missing, 18650-20850)
2026-09-26 18:21:54  [149/261] 2023-11-23: +40 contracts  16s
2026-09-26 18:22:06  top-up 2023-11-16 widen +/-500: +40 contracts (40 missing, 18350-20850)
2026-09-26 18:22:06  [150/261] 2023-11-16: +40 contracts  12s
2026-09-26 18:22:18  top-up 2023-11-09 widen +/-500: +40 contracts (40 missing, 18050-20450)
2026-09-26 18:22:18  [151/261] 2023-11-09: +40 contracts  12s
2026-09-26 18:22:33  top-up 2023-11-02 widen +/-500: +40 contracts (40 missing, 17850-20250)
2026-09-26 18:22:33  [152/261] 2023-11-02: +40 contracts  15s
2026-09-26 18:22:50  top-up 2023-10-26 widen +/-500: +40 contracts (40 missing, 17850-20700)
2026-09-26 18:22:50  [153/261] 2023-10-26: +40 contracts  17s
2026-09-26 18:23:02  top-up 2023-10-19 widen +/-500: +40 contracts (40 missing, 18500-20850)
2026-09-26 18:23:02  [154/261] 2023-10-19: +40 contracts  13s
2026-09-26 18:23:14  top-up 2023-10-12 widen +/-500: +40 contracts (40 missing, 18500-20850)
2026-09-26 18:23:14  [155/261] 2023-10-12: +40 contracts  11s
2026-09-26 18:23:27  top-up 2023-10-05 widen +/-500: +37 contracts (40 missing, 18350-20750)
2026-09-26 18:23:27  [156/261] 2023-10-05: +37 contracts  13s
2026-09-26 18:23:44  top-up 2023-09-28 widen +/-500: +40 contracts (40 missing, 18500-20850)
2026-09-26 18:23:44  [157/261] 2023-09-28: +40 contracts  17s
2026-09-26 18:23:57  top-up 2023-09-21 widen +/-500: +38 contracts (40 missing, 18700-21200)
2026-09-26 18:23:57  [158/261] 2023-09-21: +38 contracts  14s
2026-09-26 18:24:09  top-up 2023-09-14 widen +/-500: +38 contracts (40 missing, 18550-21150)
2026-09-26 18:24:09  [159/261] 2023-09-14: +38 contracts  12s
2026-09-26 18:24:21  top-up 2023-09-07 widen +/-500: +37 contracts (40 missing, 18200-20750)
2026-09-26 18:24:21  [160/261] 2023-09-07: +37 contracts  12s
2026-09-26 18:24:38  top-up 2023-08-31 widen +/-500: +40 contracts (40 missing, 18200-20600)
2026-09-26 18:24:38  [161/261] 2023-08-31: +40 contracts  17s
2026-09-26 18:24:53  top-up 2023-08-24 widen +/-500: +39 contracts (40 missing, 18250-20600)
2026-09-26 18:24:53  [162/261] 2023-08-24: +39 contracts  15s
2026-09-26 18:25:06  top-up 2023-08-17 widen +/-500: +39 contracts (40 missing, 18250-20600)
2026-09-26 18:25:06  [163/261] 2023-08-17: +39 contracts  13s
2026-09-26 18:25:17  top-up 2023-08-10 widen +/-500: +39 contracts (40 missing, 18300-20650)
2026-09-26 18:25:17  [164/261] 2023-08-10: +39 contracts  11s
2026-09-26 18:25:32  top-up 2023-08-03 widen +/-500: +40 contracts (40 missing, 18300-20850)
2026-09-26 18:25:32  [165/261] 2023-08-03: +40 contracts  15s
2026-09-26 18:25:48  top-up 2023-07-27 widen +/-500: +40 contracts (40 missing, 18600-21000)
2026-09-26 18:25:48  [166/261] 2023-07-27: +40 contracts  16s
2026-09-26 18:26:01  top-up 2023-07-20 widen +/-500: +40 contracts (40 missing, 18400-21000)
2026-09-26 18:26:01  [167/261] 2023-07-20: +40 contracts  13s
2026-09-26 18:26:13  top-up 2023-07-13 widen +/-500: +40 contracts (40 missing, 18300-20550)
2026-09-26 18:26:13  [168/261] 2023-07-13: +40 contracts  12s
2026-09-26 18:26:25  top-up 2023-07-06 widen +/-500: +37 contracts (40 missing, 18000-20500)
2026-09-26 18:26:25  [169/261] 2023-07-06: +37 contracts  13s
2026-09-26 18:26:42  top-up 2023-06-22 widen +/-500: +40 contracts (40 missing, 17200-19900)
2026-09-26 18:26:42  [170/261] 2023-06-22: +40 contracts  17s
2026-09-26 18:26:56  top-up 2023-06-15 widen +/-500: +38 contracts (40 missing, 17550-19800)
2026-09-26 18:26:56  [171/261] 2023-06-15: +38 contracts  14s
2026-09-26 18:27:09  top-up 2023-06-08 widen +/-500: +40 contracts (40 missing, 17450-19800)
2026-09-26 18:27:09  [172/261] 2023-06-08: +40 contracts  13s
2026-09-26 18:27:20  top-up 2023-06-01 widen +/-500: +40 contracts (40 missing, 17200-19650)
2026-09-26 18:27:20  [173/261] 2023-06-01: +40 contracts  11s
2026-09-26 18:27:37  top-up 2023-05-25 widen +/-500: +40 contracts (40 missing, 17050-19400)
2026-09-26 18:27:37  [174/261] 2023-05-25: +40 contracts  16s
2026-09-26 18:27:52  top-up 2023-05-18 widen +/-500: +40 contracts (40 missing, 17100-19450)
2026-09-26 18:27:52  [175/261] 2023-05-18: +40 contracts  15s
2026-09-26 18:28:04  top-up 2023-05-11 widen +/-500: +39 contracts (40 missing, 17050-19400)
2026-09-26 18:28:04  [176/261] 2023-05-11: +39 contracts  13s
2026-09-26 18:28:16  top-up 2023-05-04 widen +/-500: +38 contracts (40 missing, 16800-19250)
2026-09-26 18:28:16  [177/261] 2023-05-04: +38 contracts  11s
2026-09-26 18:28:32  top-up 2023-04-27 widen +/-500: +40 contracts (40 missing, 16550-18950)
2026-09-26 18:28:32  [178/261] 2023-04-27: +40 contracts  16s
2026-09-26 18:28:45  top-up 2023-04-20 widen +/-500: +39 contracts (40 missing, 16550-18850)
2026-09-26 18:28:46  [179/261] 2023-04-20: +39 contracts  14s
2026-09-26 18:28:59  top-up 2023-04-13 widen +/-500: +38 contracts (40 missing, 16500-18850)
2026-09-26 18:28:59  [180/261] 2023-04-13: +38 contracts  14s
2026-09-26 18:29:12  top-up 2023-04-06 widen +/-500: +40 contracts (40 missing, 16200-18650)
2026-09-26 18:29:12  [181/261] 2023-04-06: +40 contracts  13s
2026-09-26 18:29:13  top-up 2023-03-30 widen +/-500: +3 contracts (88 missing, 15950-18150)
2026-09-26 18:29:13  [182/261] 2023-03-30: +3 contracts  1s
2026-09-26 18:29:29  top-up 2023-03-29 widen +/-500: +40 contracts (40 missing, 15900-18200)
2026-09-26 18:29:29  [183/261] 2023-03-29: +40 contracts  16s
2026-09-26 18:29:43  top-up 2023-03-23 widen +/-500: +37 contracts (40 missing, 15850-18200)
2026-09-26 18:29:43  [184/261] 2023-03-23: +37 contracts  13s
2026-09-26 18:29:56  top-up 2023-03-16 widen +/-500: +40 contracts (40 missing, 15850-18750)
2026-09-26 18:29:56  [185/261] 2023-03-16: +40 contracts  14s
2026-09-26 18:30:09  top-up 2023-03-09 widen +/-500: +40 contracts (40 missing, 16300-18800)
2026-09-26 18:30:09  [186/261] 2023-03-09: +40 contracts  13s
2026-09-26 18:30:22  top-up 2023-03-02 widen +/-500: +40 contracts (40 missing, 16250-18600)
2026-09-26 18:30:22  [187/261] 2023-03-02: +40 contracts  13s
2026-09-26 18:30:40  top-up 2023-02-23 widen +/-500: +40 contracts (40 missing, 16450-19150)
2026-09-26 18:30:41  [188/261] 2023-02-23: +40 contracts  18s
2026-09-26 18:30:51  top-up 2023-02-16 widen +/-500: +40 contracts (40 missing, 16700-19150)
2026-09-26 18:30:51  [189/261] 2023-02-16: +40 contracts  11s
2026-09-26 18:31:05  top-up 2023-02-09 widen +/-500: +40 contracts (40 missing, 16450-18900)
2026-09-26 18:31:05  [190/261] 2023-02-09: +40 contracts  14s
2026-09-26 18:31:16  top-up 2023-02-02 widen +/-500: +39 contracts (40 missing, 16350-19100)
2026-09-26 18:31:16  [191/261] 2023-02-02: +39 contracts  12s
2026-09-26 18:31:34  top-up 2023-01-25 widen +/-500: +40 contracts (40 missing, 16850-19200)
2026-09-26 18:31:34  [192/261] 2023-01-25: +40 contracts  18s
2026-09-26 18:31:47  top-up 2023-01-19 widen +/-500: +40 contracts (40 missing, 16750-19200)
2026-09-26 18:31:47  [193/261] 2023-01-19: +40 contracts  13s
2026-09-26 18:32:00  top-up 2023-01-12 widen +/-500: +39 contracts (40 missing, 16750-19150)
2026-09-26 18:32:00  [194/261] 2023-01-12: +39 contracts  12s
2026-09-26 18:32:12  top-up 2023-01-05 widen +/-500: +40 contracts (40 missing, 16900-19250)
2026-09-26 18:32:12  [195/261] 2023-01-05: +40 contracts  13s
2026-09-26 18:32:30  top-up 2022-12-29 widen +/-500: +40 contracts (40 missing, 16750-19300)
2026-09-26 18:32:30  [196/261] 2022-12-29: +40 contracts  18s
2026-09-26 18:32:44  top-up 2022-12-22 widen +/-500: +37 contracts (40 missing, 17050-19650)
2026-09-26 18:32:44  [197/261] 2022-12-22: +37 contracts  13s
2026-09-26 18:32:55  top-up 2022-12-15 widen +/-500: +39 contracts (40 missing, 17350-19700)
2026-09-26 18:32:55  [198/261] 2022-12-15: +39 contracts  11s
2026-09-26 18:33:08  top-up 2022-12-08 widen +/-500: +38 contracts (40 missing, 17550-19900)
2026-09-26 18:33:08  [199/261] 2022-12-08: +38 contracts  13s
2026-09-26 18:33:23  top-up 2022-12-01 widen +/-500: +39 contracts (40 missing, 17300-19900)
2026-09-26 18:33:23  [200/261] 2022-12-01: +39 contracts  15s
2026-09-26 18:33:40  top-up 2022-11-24 widen +/-500: +39 contracts (40 missing, 17150-19550)
2026-09-26 18:33:40  [201/261] 2022-11-24: +39 contracts  17s
2026-09-26 18:33:50  top-up 2022-11-17 widen +/-500: +37 contracts (40 missing, 16950-19450)
2026-09-26 18:33:50  [202/261] 2022-11-17: +37 contracts  11s
2026-09-26 18:34:03  top-up 2022-11-10 widen +/-500: +38 contracts (40 missing, 16950-19300)
2026-09-26 18:34:03  [203/261] 2022-11-10: +38 contracts  13s
2026-09-26 18:34:16  top-up 2022-11-03 widen +/-500: +38 contracts (40 missing, 16650-19200)
2026-09-26 18:34:16  [204/261] 2022-11-03: +38 contracts  14s
2026-09-26 18:34:35  top-up 2022-10-27 widen +/-500: +40 contracts (40 missing, 16400-18800)
2026-09-26 18:34:35  [205/261] 2022-10-27: +40 contracts  19s
2026-09-26 18:34:47  top-up 2022-10-20 widen +/-500: +40 contracts (40 missing, 15950-18600)
2026-09-26 18:34:47  [206/261] 2022-10-20: +40 contracts  11s
2026-09-26 18:34:58  top-up 2022-10-13 widen +/-500: +39 contracts (40 missing, 15950-18450)
2026-09-26 18:34:58  [207/261] 2022-10-13: +39 contracts  11s
2026-09-26 18:35:11  top-up 2022-10-06 widen +/-500: +35 contracts (40 missing, 15750-18450)
2026-09-26 18:35:11  [208/261] 2022-10-06: +35 contracts  13s
2026-09-26 18:35:29  top-up 2022-09-29 widen +/-500: +40 contracts (40 missing, 15800-18700)
2026-09-26 18:35:29  [209/261] 2022-09-29: +40 contracts  18s
2026-09-26 18:35:43  top-up 2022-09-22 widen +/-500: +39 contracts (40 missing, 16450-19100)
2026-09-26 18:35:43  [210/261] 2022-09-22: +39 contracts  14s
2026-09-26 18:35:54  top-up 2022-09-15 widen +/-500: +40 contracts (40 missing, 16700-19100)
2026-09-26 18:35:54  [211/261] 2022-09-15: +40 contracts  11s
2026-09-26 18:36:07  top-up 2022-09-08 widen +/-500: +39 contracts (40 missing, 16450-18800)
2026-09-26 18:36:07  [212/261] 2022-09-08: +39 contracts  12s
2026-09-26 18:36:22  top-up 2022-09-01 widen +/-500: +40 contracts (40 missing, 16150-18800)
2026-09-26 18:36:22  [213/261] 2022-09-01: +40 contracts  15s
2026-09-26 18:36:39  top-up 2022-08-25 widen +/-500: +40 contracts (40 missing, 16350-19000)
2026-09-26 18:36:40  [214/261] 2022-08-25: +40 contracts  18s
2026-09-26 18:36:51  top-up 2022-08-18 widen +/-500: +40 contracts (40 missing, 16600-18950)
2026-09-26 18:36:51  [215/261] 2022-08-18: +40 contracts  12s
2026-09-26 18:37:02  top-up 2022-08-11 widen +/-500: +40 contracts (40 missing, 16150-18700)
2026-09-26 18:37:02  [216/261] 2022-08-11: +40 contracts  11s
2026-09-26 18:37:15  top-up 2022-08-04 widen +/-500: +40 contracts (40 missing, 15750-18500)
2026-09-26 18:37:15  [217/261] 2022-08-04: +40 contracts  13s
2026-09-26 18:37:34  top-up 2022-07-28 widen +/-500: +40 contracts (40 missing, 15450-17950)
2026-09-26 18:37:34  [218/261] 2022-07-28: +40 contracts  19s
2026-09-26 18:37:48  top-up 2022-07-21 widen +/-500: +39 contracts (40 missing, 14850-17650)
2026-09-26 18:37:48  [219/261] 2022-07-21: +39 contracts  14s
2026-09-26 18:37:59  top-up 2022-07-14 widen +/-500: +40 contracts (40 missing, 14850-17300)
2026-09-26 18:37:59  [220/261] 2022-07-14: +40 contracts  11s
2026-09-26 18:38:11  top-up 2022-07-07 widen +/-500: +38 contracts (40 missing, 14500-17150)
2026-09-26 18:38:11  [221/261] 2022-07-07: +38 contracts  11s
2026-09-26 18:38:28  top-up 2022-06-30 widen +/-500: +40 contracts (40 missing, 14350-16950)
2026-09-26 18:38:28  [222/261] 2022-06-30: +40 contracts  17s
2026-09-26 18:38:44  top-up 2022-06-23 widen +/-500: +40 contracts (40 missing, 14200-16850)
2026-09-26 18:38:44  [223/261] 2022-06-23: +40 contracts  16s
2026-09-26 18:38:56  top-up 2022-06-16 widen +/-500: +40 contracts (40 missing, 14350-17500)
2026-09-26 18:38:56  [224/261] 2022-06-16: +40 contracts  12s
2026-09-26 18:39:07  top-up 2022-06-09 widen +/-500: +40 contracts (40 missing, 15250-17800)
2026-09-26 18:39:07  [225/261] 2022-06-09: +40 contracts  12s
2026-09-26 18:39:20  top-up 2022-06-02 widen +/-500: +40 contracts (40 missing, 14900-17700)
2026-09-26 18:39:20  [226/261] 2022-06-02: +40 contracts  13s
2026-09-26 18:39:39  top-up 2022-05-26 widen +/-500: +40 contracts (40 missing, 14800-17400)
2026-09-26 18:39:39  [227/261] 2022-05-26: +40 contracts  19s
2026-09-26 18:39:52  top-up 2022-05-19 widen +/-500: +39 contracts (40 missing, 14750-17400)
2026-09-26 18:39:52  [228/261] 2022-05-19: +39 contracts  12s
2026-09-26 18:40:03  top-up 2022-05-12 widen +/-500: +39 contracts (40 missing, 14750-17950)
2026-09-26 18:40:03  [229/261] 2022-05-12: +39 contracts  12s
2026-09-26 18:40:15  top-up 2022-05-05 widen +/-500: +40 contracts (40 missing, 15600-18400)
2026-09-26 18:40:15  [230/261] 2022-05-05: +40 contracts  11s
2026-09-26 18:40:33  top-up 2022-04-28 widen +/-500: +40 contracts (40 missing, 15900-18400)
2026-09-26 18:40:33  [231/261] 2022-04-28: +40 contracts  18s
2026-09-26 18:40:47  top-up 2022-04-21 widen +/-500: +39 contracts (40 missing, 15800-18650)
2026-09-26 18:40:47  [232/261] 2022-04-21: +39 contracts  14s
2026-09-26 18:41:01  top-up 2022-04-13 widen +/-500: +40 contracts (40 missing, 16450-18850)
2026-09-26 18:41:01  [233/261] 2022-04-13: +40 contracts  14s
2026-09-26 18:41:12  top-up 2022-04-07 widen +/-500: +40 contracts (40 missing, 16400-19100)
2026-09-26 18:41:12  [234/261] 2022-04-07: +40 contracts  11s
2026-09-26 18:41:31  top-up 2022-03-31 widen +/-500: +40 contracts (40 missing, 16000-18550)
2026-09-26 18:41:31  [235/261] 2022-03-31: +40 contracts  19s
2026-09-26 18:41:43  top-up 2022-03-24 widen +/-500: +40 contracts (40 missing, 16000-18450)
2026-09-26 18:41:43  [236/261] 2022-03-24: +40 contracts  12s
2026-09-26 18:41:56  top-up 2022-03-17 widen +/-500: +40 contracts (40 missing, 15450-18350)
2026-09-26 18:41:56  [237/261] 2022-03-17: +40 contracts  13s
2026-09-26 18:42:08  top-up 2022-03-10 widen +/-500: +40 contracts (40 missing, 14650-17750)
2026-09-26 18:42:08  [238/261] 2022-03-10: +40 contracts  12s
2026-09-26 18:42:23  top-up 2022-03-03 widen +/-500: +40 contracts (40 missing, 15200-17800)
2026-09-26 18:42:23  [239/261] 2022-03-03: +40 contracts  14s
2026-09-26 18:42:42  top-up 2022-02-24 widen +/-500: +40 contracts (40 missing, 15200-18450)
2026-09-26 18:42:42  [240/261] 2022-02-24: +40 contracts  20s
2026-09-26 18:42:53  top-up 2022-02-17 widen +/-500: +40 contracts (40 missing, 15800-18650)
2026-09-26 18:42:53  [241/261] 2022-02-17: +40 contracts  11s
2026-09-26 18:43:04  top-up 2022-02-10 widen +/-500: +40 contracts (40 missing, 16050-18800)
2026-09-26 18:43:04  [242/261] 2022-02-10: +40 contracts  11s
2026-09-26 18:43:17  top-up 2022-02-03 widen +/-500: +40 contracts (40 missing, 15850-18800)
2026-09-26 18:43:17  [243/261] 2022-02-03: +40 contracts  13s
2026-09-26 18:43:36  top-up 2022-01-27 widen +/-500: +40 contracts (40 missing, 15850-18950)
2026-09-26 18:43:36  [244/261] 2022-01-27: +40 contracts  19s
2026-09-26 18:43:49  top-up 2022-01-20 widen +/-500: +40 contracts (40 missing, 16650-19350)
2026-09-26 18:43:49  [245/261] 2022-01-20: +40 contracts  13s
2026-09-26 18:44:00  top-up 2022-01-13 widen +/-500: +40 contracts (40 missing, 16650-19250)
2026-09-26 18:44:00  [246/261] 2022-01-13: +40 contracts  11s
2026-09-26 18:44:11  top-up 2022-01-06 widen +/-500: +40 contracts (40 missing, 16150-18950)
2026-09-26 18:44:11  [247/261] 2022-01-06: +40 contracts  11s
2026-09-26 18:44:29  top-up 2021-12-30 widen +/-500: +40 contracts (40 missing, 15400-19200)
2026-09-26 18:44:29  [248/261] 2021-12-30: +40 contracts  17s
2026-09-26 18:44:46  top-up 2021-12-23 widen +/-500: +40 contracts (40 missing, 15400-18400)
2026-09-26 18:44:46  [249/261] 2021-12-23: +40 contracts  17s
2026-09-26 18:44:57  top-up 2021-12-16 widen +/-500: +40 contracts (40 missing, 16200-18650)
2026-09-26 18:44:57  [250/261] 2021-12-16: +40 contracts  11s
2026-09-26 18:45:08  top-up 2021-12-09 widen +/-500: +40 contracts (40 missing, 15900-18550)
2026-09-26 18:45:08  [251/261] 2021-12-09: +40 contracts  11s
2026-09-26 18:45:21  top-up 2021-12-02 widen +/-500: +40 contracts (40 missing, 15800-18550)
2026-09-26 18:45:21  [252/261] 2021-12-02: +40 contracts  13s
2026-09-26 18:45:40  top-up 2021-11-25 widen +/-500: +40 contracts (40 missing, 16200-18950)
2026-09-26 18:45:40  [253/261] 2021-11-25: +40 contracts  20s
2026-09-26 18:45:53  top-up 2021-11-18 widen +/-500: +40 contracts (40 missing, 16700-19200)
2026-09-26 18:45:53  [254/261] 2021-11-18: +40 contracts  12s
2026-09-26 18:46:04  top-up 2021-11-11 widen +/-500: +40 contracts (40 missing, 16750-19100)
2026-09-26 18:46:04  [255/261] 2021-11-11: +40 contracts  11s
2026-09-26 18:46:16  top-up 2021-11-03 widen +/-500: +40 contracts (40 missing, 16600-19200)
2026-09-26 18:46:16  [256/261] 2021-11-03: +40 contracts  12s
2026-09-26 18:46:33  top-up 2021-10-28 widen +/-500: +40 contracts (40 missing, 16800-19400)
2026-09-26 18:46:33  [257/261] 2021-10-28: +40 contracts  18s
2026-09-26 18:46:48  top-up 2021-10-21 widen +/-500: +40 contracts (40 missing, 17050-19600)
2026-09-26 18:46:49  [258/261] 2021-10-21: +40 contracts  15s
2026-09-26 18:47:00  top-up 2021-10-14 widen +/-500: +40 contracts (40 missing, 16750-19350)
2026-09-26 18:47:00  [259/261] 2021-10-14: +40 contracts  11s
2026-09-26 18:47:12  top-up 2021-10-07 widen +/-500: +40 contracts (40 missing, 16450-18900)
2026-09-26 18:47:12  [260/261] 2021-10-07: +40 contracts  12s
2026-09-26 18:47:27  top-up 2021-09-30 widen +/-500: +39 contracts (40 missing, 16500-18950)
2026-09-26 18:47:27  [261/261] 2021-09-30: +39 contracts  15s
2026-09-26 18:47:27  ==== widen finished ====
2026-09-28 10:24:04  ==== daily history update 2026-09-28 ====
2026-09-28 10:24:04  spot 2026-09-26 -> 2026-09-28: 70 candles (ok)
2026-09-28 10:24:04  daily: NIFTY spot on disk to 2026-09-28 10:24
2026-09-28 10:24:53  daily: 2026-09-29 (live) -- 108 contracts updated, 21850-24500, data to 2026-09-28
2026-09-28 10:24:53  ==== daily history update done in 49s ====
2026-09-28 10:33:23  ==== daily history update 2026-09-28 ====
2026-09-28 10:33:23  spot 2026-09-28 -> 2026-09-28: 79 candles (ok)
2026-09-28 10:33:23  daily: NIFTY spot on disk to 2026-09-28 10:33
2026-09-28 10:34:13  daily: 2026-09-29 (live) -- 108 contracts updated, 21850-24500, data to 2026-09-28
2026-09-28 10:34:13  ==== daily history update done in 50s ====
2026-09-28 19:00:25  ==== daily history update 2026-09-28 ====
2026-09-28 19:00:26  spot 2026-09-28 -> 2026-09-28: 375 candles (ok)
2026-09-28 19:00:26  daily: NIFTY spot on disk to 2026-09-28 15:29
2026-09-28 19:01:25  daily: 2026-09-29 (live) -- 112 contracts updated, 21750-24500, data to 2026-09-28
2026-09-28 19:01:25  ==== daily history update done in 60s ====
2026-09-29 19:00:23  ==== daily history update 2026-09-29 ====
2026-09-29 19:00:23  spot 2026-09-28 -> 2026-09-29: 750 candles (ok)
2026-09-29 19:00:23  daily: NIFTY spot on disk to 2026-09-29 15:29
2026-09-29 19:01:17  daily: 2026-09-29 (live) -- 119 contracts updated, 21550-24500, data to 2026-09-29
2026-09-29 19:01:18  daily: IV rule history +0 rows
2026-09-29 19:01:18  ==== daily history update done in 56s ====
2026-09-30 19:00:28  ==== daily history update 2026-09-30 ====
2026-09-30 19:00:28  spot 2026-09-29 -> 2026-09-30: 750 candles (ok)
2026-09-30 19:00:29  daily: NIFTY spot on disk to 2026-09-30 15:29
2026-09-30 19:05:31  top-up 2026-09-29 widen +/-500: +39 contracts (40 missing, 21550-24500)
2026-09-30 19:05:31  daily: finalised 2026-09-29 -- 80 contracts, +39 widened
2026-09-30 19:06:00  daily: 2026-10-06 (live) -- 91 contracts updated, 21550-23800, data to 2026-09-30
2026-09-30 19:06:01  daily: IV rule history +6 rows
2026-09-30 19:06:01  ==== daily history update done in 333s ====
2026-10-01 19:00:27  ==== daily history update 2026-10-01 ====
2026-10-01 19:00:28  spot 2026-09-30 -> 2026-10-01: 750 candles (ok)
2026-10-01 19:00:28  daily: NIFTY spot on disk to 2026-10-01 15:29
2026-10-01 19:01:07  daily: 2026-10-06 (live) -- 102 contracts updated, 21200-23800, data to 2026-10-01
2026-10-01 19:01:07  daily: IV rule history +3 rows
2026-10-01 19:01:07  ==== daily history update done in 40s ====
2026-10-02 19:00:27  ==== daily history update 2026-10-02 ====
2026-10-02 19:00:28  spot 2026-10-01 -> 2026-10-02: 375 candles (ok)
2026-10-02 19:00:28  daily: NIFTY spot on disk to 2026-10-01 15:29
2026-10-02 19:00:55  daily: 2026-10-06 (live) -- 102 contracts updated, 21200-23800, data to 2026-10-02
2026-10-02 19:00:56  daily: IV rule history +0 rows
2026-10-02 19:00:56  ==== daily history update done in 30s ====
